------------------------------------------------------------
TimeQuest Timing Analyzer Summary
------------------------------------------------------------

Type  : Slow 1100mV 85C Model Setup 'clk'
Slack : -0.125
TNS   : -0.577

Type  : Slow 1100mV 85C Model Hold 'clk'
Slack : 0.284
TNS   : 0.000

Type  : Slow 1100mV 85C Model Minimum Pulse Width 'clk'
Slack : -0.394
TNS   : -10.902

Type  : Slow 1100mV 0C Model Setup 'clk'
Slack : -0.144
TNS   : -0.600

Type  : Slow 1100mV 0C Model Hold 'clk'
Slack : 0.268
TNS   : 0.000

Type  : Slow 1100mV 0C Model Minimum Pulse Width 'clk'
Slack : -0.394
TNS   : -11.805

Type  : Fast 1100mV 85C Model Setup 'clk'
Slack : 0.320
TNS   : 0.000

Type  : Fast 1100mV 85C Model Hold 'clk'
Slack : 0.163
TNS   : 0.000

Type  : Fast 1100mV 85C Model Minimum Pulse Width 'clk'
Slack : -0.090
TNS   : -1.805

Type  : Fast 1100mV 0C Model Setup 'clk'
Slack : 0.353
TNS   : 0.000

Type  : Fast 1100mV 0C Model Hold 'clk'
Slack : 0.149
TNS   : 0.000

Type  : Fast 1100mV 0C Model Minimum Pulse Width 'clk'
Slack : -0.089
TNS   : -1.783

------------------------------------------------------------
