------------------------------------------------------------
TimeQuest Timing Analyzer Summary
------------------------------------------------------------

Type  : Slow 1100mV 85C Model Setup 'clk'
Slack : -25.644
TNS   : -252.597

Type  : Slow 1100mV 85C Model Setup 'reset_n'
Slack : -3.737
TNS   : -23.160

Type  : Slow 1100mV 85C Model Hold 'clk'
Slack : 0.250
TNS   : 0.000

Type  : Slow 1100mV 85C Model Hold 'reset_n'
Slack : 1.146
TNS   : 0.000

Type  : Slow 1100mV 85C Model Recovery 'clk'
Slack : -3.145
TNS   : -155.834

Type  : Slow 1100mV 85C Model Removal 'clk'
Slack : 0.650
TNS   : 0.000

Type  : Slow 1100mV 85C Model Minimum Pulse Width 'clk'
Slack : -2.636
TNS   : -98.942

Type  : Slow 1100mV 85C Model Minimum Pulse Width 'reset_n'
Slack : -0.020
TNS   : -0.020

Type  : Slow 1100mV 0C Model Setup 'clk'
Slack : -26.672
TNS   : -256.199

Type  : Slow 1100mV 0C Model Setup 'reset_n'
Slack : -3.806
TNS   : -23.670

Type  : Slow 1100mV 0C Model Hold 'clk'
Slack : 0.233
TNS   : 0.000

Type  : Slow 1100mV 0C Model Hold 'reset_n'
Slack : 1.188
TNS   : 0.000

Type  : Slow 1100mV 0C Model Recovery 'clk'
Slack : -2.852
TNS   : -139.008

Type  : Slow 1100mV 0C Model Removal 'clk'
Slack : 0.353
TNS   : 0.000

Type  : Slow 1100mV 0C Model Minimum Pulse Width 'clk'
Slack : -2.636
TNS   : -101.884

Type  : Slow 1100mV 0C Model Minimum Pulse Width 'reset_n'
Slack : -0.009
TNS   : -0.009

Type  : Fast 1100mV 85C Model Setup 'clk'
Slack : -13.392
TNS   : -125.360

Type  : Fast 1100mV 85C Model Setup 'reset_n'
Slack : -1.648
TNS   : -10.118

Type  : Fast 1100mV 85C Model Hold 'clk'
Slack : 0.145
TNS   : 0.000

Type  : Fast 1100mV 85C Model Hold 'reset_n'
Slack : 0.418
TNS   : 0.000

Type  : Fast 1100mV 85C Model Recovery 'clk'
Slack : -2.249
TNS   : -114.949

Type  : Fast 1100mV 85C Model Removal 'clk'
Slack : 0.389
TNS   : 0.000

Type  : Fast 1100mV 85C Model Minimum Pulse Width 'clk'
Slack : -2.636
TNS   : -65.488

Type  : Fast 1100mV 85C Model Minimum Pulse Width 'reset_n'
Slack : -0.207
TNS   : -2.517

Type  : Fast 1100mV 0C Model Setup 'clk'
Slack : -12.630
TNS   : -113.723

Type  : Fast 1100mV 0C Model Setup 'reset_n'
Slack : -1.475
TNS   : -8.984

Type  : Fast 1100mV 0C Model Hold 'clk'
Slack : 0.130
TNS   : 0.000

Type  : Fast 1100mV 0C Model Hold 'reset_n'
Slack : 0.397
TNS   : 0.000

Type  : Fast 1100mV 0C Model Recovery 'clk'
Slack : -1.941
TNS   : -98.579

Type  : Fast 1100mV 0C Model Removal 'clk'
Slack : 0.192
TNS   : 0.000

Type  : Fast 1100mV 0C Model Minimum Pulse Width 'clk'
Slack : -2.636
TNS   : -65.516

Type  : Fast 1100mV 0C Model Minimum Pulse Width 'reset_n'
Slack : -0.179
TNS   : -2.064

------------------------------------------------------------
