------------------------------------------------------------
TimeQuest Timing Analyzer Summary
------------------------------------------------------------

Type  : Slow 1100mV 85C Model Setup 'clk'
Slack : -2.421
TNS   : -76.376

Type  : Slow 1100mV 85C Model Hold 'clk'
Slack : 0.380
TNS   : 0.000

Type  : Slow 1100mV 85C Model Minimum Pulse Width 'clk'
Slack : -0.394
TNS   : -18.245

Type  : Slow 1100mV 0C Model Setup 'clk'
Slack : -2.396
TNS   : -75.944

Type  : Slow 1100mV 0C Model Hold 'clk'
Slack : 0.378
TNS   : 0.000

Type  : Slow 1100mV 0C Model Minimum Pulse Width 'clk'
Slack : -0.394
TNS   : -19.998

Type  : Fast 1100mV 85C Model Setup 'clk'
Slack : -0.954
TNS   : -27.953

Type  : Fast 1100mV 85C Model Hold 'clk'
Slack : 0.204
TNS   : 0.000

Type  : Fast 1100mV 85C Model Minimum Pulse Width 'clk'
Slack : -0.087
TNS   : -2.928

Type  : Fast 1100mV 0C Model Setup 'clk'
Slack : -0.814
TNS   : -23.739

Type  : Fast 1100mV 0C Model Hold 'clk'
Slack : 0.193
TNS   : 0.000

Type  : Fast 1100mV 0C Model Minimum Pulse Width 'clk'
Slack : -0.085
TNS   : -2.903

------------------------------------------------------------
